15:58:39.694 [debug] Child {XPLoggerFileBackend, :general_log} of Supervisor Logger.Backends.Supervisor started
Pid: #PID<0.102.0>
Start Call: Logger.Backends.Watcher.start_link({{XPLoggerFileBackend, :general_log}, {XPLoggerFileBackend, :general_log}})
Restart: :transient
Shutdown: 5000
Type: :worker
15:58:39.694 [info] Child Logger.Backends.Supervisor of Supervisor Logger.Backends.Internal started
Pid: #PID<0.101.0>
Start Call: Logger.Backends.Supervisor.start_link([{XPLoggerFileBackend, :general_log}])
Restart: :permanent
Shutdown: :infinity
Type: :supervisor
15:58:39.694 [info] Child Logger.Backends.Internal of Supervisor Logger.Supervisor started
Pid: #PID<0.97.0>
Start Call: Logger.Backends.Internal.start_link([])
Restart: :permanent
Shutdown: :infinity
Type: :supervisor
15:58:39.694 [info] Application logger started at :nonode@nohost
15:58:39.694 [info] Application xp_mime started at :nonode@nohost
15:58:39.694 [info] Application xp_hpax started at :nonode@nohost
15:58:39.694 [info] Application crypto started at :nonode@nohost
15:58:39.694 [info] Application asn1 started at :nonode@nohost
15:58:39.694 [info] Application public_key started at :nonode@nohost
15:58:39.695 [debug] Child :ssl_handler of Supervisor :logger_sup started
Pid: #PID<0.107.0>
Start Call: :logger_olp.start_link(:logger_std_h_ssl_handler, :logger_h_common, %{id: :ssl_handler, module: :logger_std_h, config: %{type: :standard_io, filesync_repeat_interval: :no_repeat}, level: :debug, filter_default: :stop, filters: [], formatter: {:ssl_logger, %{}}}, %{})
Restart: :temporary
Shutdown: 2000
Type: :worker
15:58:39.697 [info] Child :ssl_pem_cache of Supervisor :ssl_admin_sup started
Pid: #PID<0.111.0>
Start Call: :ssl_pem_cache.start_link([])
Restart: :permanent
Shutdown: 4000
Type: :worker
15:58:39.700 [info] Child :ssl_manager of Supervisor :ssl_admin_sup started
Pid: #PID<0.112.0>
Start Call: :ssl_manager.start_link([])
Restart: :permanent
Shutdown: 4000
Type: :worker
15:58:39.700 [info] Child :tls_client_ticket_store of Supervisor :ssl_admin_sup started
Pid: #PID<0.113.0>
Start Call: :tls_client_ticket_store.start_link(1000, 7200)
Restart: :permanent
Shutdown: 4000
Type: :worker
15:58:39.700 [info] Child :ssl_admin_sup of Supervisor :ssl_sup started
Pid: #PID<0.110.0>
Start Call: :ssl_admin_sup.start_link()
Restart: :permanent
Shutdown: 4000
Type: :supervisor
15:58:39.702 [info] Child :tls_connection_sup of Supervisor :tls_sup started
Pid: #PID<0.116.0>
Start Call: :tls_connection_sup.start_link()
Restart: :permanent
Shutdown: 4000
Type: :supervisor
15:58:39.702 [info] Child :ssl_listen_tracker_sup of Supervisor :tls_server_sup started
Pid: #PID<0.118.0>
Start Call: :ssl_listen_tracker_sup.start_link()
Restart: :permanent
Shutdown: 4000
Type: :supervisor
15:58:39.702 [info] Child :tls_server_session_ticket of Supervisor :tls_server_sup started
Pid: #PID<0.119.0>
Start Call: :tls_server_session_ticket_sup.start_link()
Restart: :permanent
Shutdown: 4000
Type: :supervisor
15:58:39.703 [info] Child :ssl_server_session_cache_sup of Supervisor :tls_server_sup started
Pid: #PID<0.120.0>
Start Call: :ssl_server_session_cache_sup.start_link()
Restart: :permanent
Shutdown: 4000
Type: :supervisor
15:58:39.703 [info] Child :ssl_upgrade_server_session_cache_sup of Supervisor :tls_server_sup started
Pid: #PID<0.121.0>
Start Call: :ssl_upgrade_server_session_cache_sup.start_link()
Restart: :permanent
Shutdown: 4000
Type: :supervisor
15:58:39.703 [info] Child :tls_server_sup of Supervisor :tls_sup started
Pid: #PID<0.117.0>
Start Call: :tls_server_sup.start_link()
Restart: :permanent
Shutdown: 4000
Type: :supervisor
15:58:39.703 [info] Child :tls_sup of Supervisor :ssl_connection_sup started
Pid: #PID<0.115.0>
Start Call: :tls_sup.start_link()
Restart: :permanent
Shutdown: 4000
Type: :supervisor
15:58:39.703 [info] Child :dtls_connection_sup of Supervisor :dtls_sup started
Pid: #PID<0.123.0>
Start Call: :dtls_connection_sup.start_link()
Restart: :permanent
Shutdown: 4000
Type: :supervisor
15:58:39.704 [info] Child :dtls_listener_sup of Supervisor :dtls_server_sup started
Pid: #PID<0.125.0>
Start Call: :dtls_listener_sup.start_link()
Restart: :permanent
Shutdown: 4000
Type: :supervisor
15:58:39.704 [info] Child :dtls_server_session_cache_sup of Supervisor :dtls_server_sup started
Pid: #PID<0.126.0>
Start Call: :dtls_server_session_cache_sup.start_link()
Restart: :permanent
Shutdown: 4000
Type: :supervisor
15:58:39.704 [info] Child :dtls_server_sup of Supervisor :dtls_sup started
Pid: #PID<0.124.0>
Start Call: :dtls_server_sup.start_link()
Restart: :permanent
Shutdown: 4000
Type: :supervisor
15:58:39.704 [info] Child :dtls_sup of Supervisor :ssl_connection_sup started
Pid: #PID<0.122.0>
Start Call: :dtls_sup.start_link()
Restart: :permanent
Shutdown: 4000
Type: :supervisor
15:58:39.704 [info] Child :ssl_connection_sup of Supervisor :ssl_sup started
Pid: #PID<0.114.0>
Start Call: :ssl_connection_sup.start_link()
Restart: :permanent
Shutdown: 4000
Type: :supervisor
15:58:39.704 [info] Application ssl started at :nonode@nohost
15:58:39.705 [info] Application xp_mint started at :nonode@nohost
15:58:39.705 [info] Application xp_nimble_options started at :nonode@nohost
15:58:39.706 [info] Child XPNimblePool.TaskSupervisor of Supervisor #PID<0.132.0> (Supervisor.Default) started
Pid: #PID<0.133.0>
Start Call: Task.Supervisor.start_link([name: XPNimblePool.TaskSupervisor])
Restart: :permanent
Shutdown: :infinity
Type: :supervisor
15:58:39.706 [info] Application xp_nimble_pool started at :nonode@nohost
15:58:39.707 [info] Child :telemetry_handler_table of Supervisor :telemetry_sup started
Pid: #PID<0.137.0>
Start Call: :telemetry_handler_table.start_link()
Restart: :permanent
Shutdown: 5000
Type: :worker
15:58:39.707 [info] Application xp_telemetry started at :nonode@nohost
15:58:39.707 [info] Application xp_finch started at :nonode@nohost
15:58:39.718 [info] Child XPReq.Finch.PIDPartition0 of Supervisor XPReq.Finch started
Pid: #PID<0.143.0>
Start Call: Registry.Partition.start_link(XPReq.Finch.PIDPartition0, {:duplicate, XPReq.Finch, 0, 1, XPReq.Finch.KeyPartition0, XPReq.Finch.PIDPartition0, [], false})
Restart: :permanent
Shutdown: 5000
Type: :worker
15:58:39.718 [info] Child XPReq.Finch of Supervisor XPReq.Finch.Supervisor started
Pid: #PID<0.142.0>
Start Call: Registry.start_link([keys: :duplicate, name: XPReq.Finch, meta: [config: %{pools: %{}, registry_name: XPReq.Finch, supervisor_name: XPReq.Finch.PoolSupervisor, manager_name: XPReq.Finch.PoolManager, default_pool_config: %{count: 1, size: 50, mod: XPFinch.HTTP1.Pool, conn_opts: [protocols: [:http1], transport_opts: [keepalive: true, nodelay: true, timeout: 5000], ssl_key_log_file_device: nil], pool_max_idle_time: :infinity, conn_max_idle_time: :infinity, start_pool_metrics?: false}}]])
Restart: :permanent
Shutdown: :infinity
Type: :supervisor
15:58:39.718 [info] Child XPReq.Finch.PoolSupervisor of Supervisor XPReq.Finch.Supervisor started
Pid: #PID<0.144.0>
Start Call: DynamicSupervisor.start_link([name: XPReq.Finch.PoolSupervisor, strategy: :one_for_one])
Restart: :permanent
Shutdown: :infinity
Type: :supervisor
15:58:39.718 [info] Child XPFinch.PoolManager of Supervisor XPReq.Finch.Supervisor started
Pid: #PID<0.145.0>
Start Call: XPFinch.PoolManager.start_link(%{pools: %{}, registry_name: XPReq.Finch, supervisor_name: XPReq.Finch.PoolSupervisor, manager_name: XPReq.Finch.PoolManager, default_pool_config: %{count: 1, size: 50, mod: XPFinch.HTTP1.Pool, conn_opts: [protocols: [:http1], transport_opts: [keepalive: true, nodelay: true, timeout: 5000], ssl_key_log_file_device: nil], pool_max_idle_time: :infinity, conn_max_idle_time: :infinity, start_pool_metrics?: false}})
Restart: :permanent
Shutdown: 5000
Type: :worker
15:58:39.718 [info] Child XPReq.Finch of Supervisor #PID<0.140.0> (Supervisor.Default) started
Pid: #PID<0.141.0>
Start Call: XPFinch.start_link([name: XPReq.Finch, pools: %{default: [protocols: [:http1]]}])
Restart: :permanent
Shutdown: 5000
Type: :worker
15:58:39.718 [info] Child XPReq.FinchSupervisor of Supervisor #PID<0.140.0> (Supervisor.Default) started
Pid: #PID<0.146.0>
Start Call: DynamicSupervisor.start_link([strategy: :one_for_one, name: XPReq.FinchSupervisor])
Restart: :permanent
Shutdown: :infinity
Type: :supervisor
15:58:39.718 [info] Child XPReq.Test.Ownership of Supervisor #PID<0.140.0> (Supervisor.Default) started
Pid: #PID<0.147.0>
Start Call: XPReq.Test.Ownership.start_link([name: XPReq.Test.Ownership])
Restart: :permanent
Shutdown: 5000
Type: :worker
15:58:39.718 [info] Application xp_req started at :nonode@nohost
15:58:39.718 [info] Application burrito started at :nonode@nohost
15:58:39.718 [info] Application erts started at :nonode@nohost
15:58:39.718 [info] Application xp_schematic started at :nonode@nohost
15:58:39.718 [info] Application xp_typed_struct started at :nonode@nohost
15:58:39.718 [info] Application xp_gen_lsp started at :nonode@nohost
15:58:39.722 [info] Child XPSnowflake.Generator of Supervisor #PID<0.150.0> (Supervisor.Default) started
Pid: #PID<0.151.0>
Start Call: XPSnowflake.Generator.start_link(0, 1023)
Restart: :permanent
Shutdown: 5000
Type: :worker
15:58:39.722 [info] Application xp_snowflake started at :nonode@nohost
15:58:39.722 [info] Application xp_sourceror started at :nonode@nohost
15:58:39.722 [info] Application xp_forge started at :nonode@nohost
15:58:39.722 [info] Application xp_logger_file_backend started at :nonode@nohost
15:58:39.724 [info] Child :ttb_autostart of Supervisor :runtime_tools_sup started
Pid: #PID<0.155.0>
Start Call: :ttb_autostart.start_link()
Restart: :temporary
Shutdown: 3000
Type: :worker
15:58:39.724 [info] Application runtime_tools started at :nonode@nohost
15:58:39.724 [info] Application et started at :nonode@nohost
15:58:39.724 [info] Application observer started at :nonode@nohost
15:58:39.724 [info] Application xp_path_glob started at :nonode@nohost
15:58:39.731 [info] Child XPForge.Document.Store of Supervisor XPExpert.Supervisor started
Pid: #PID<0.159.0>
Start Call: XPForge.Document.Store.start_link([derive: [analysis: &XPForge.Ast.analyze/1]])
Restart: :permanent
Shutdown: 5000
Type: :worker
15:58:39.731 [info] Child XPExpert.ProjectSupervisor of Supervisor XPExpert.Supervisor started
Pid: #PID<0.160.0>
Start Call: DynamicSupervisor.start_link([name: XPExpert.ProjectSupervisor, strategy: :one_for_one])
Restart: :permanent
Shutdown: :infinity
Type: :supervisor
15:58:39.731 [info] Child XPExpert.DynamicSupervisor of Supervisor XPExpert.Supervisor started
Pid: #PID<0.161.0>
Start Call: DynamicSupervisor.start_link([name: XPExpert.DynamicSupervisor])
Restart: :permanent
Shutdown: :infinity
Type: :supervisor
15:58:39.732 [info] Child XPGenLSP.Assigns of Supervisor XPExpert.Supervisor started
Pid: #PID<0.162.0>
Start Call: XPGenLSP.Assigns.start_link([name: XPExpert.Assigns])
Restart: :permanent
Shutdown: 5000
Type: :worker
15:58:39.732 [info] Child :expert_task_queue of Supervisor XPExpert.Supervisor started
Pid: #PID<0.163.0>
Start Call: Task.Supervisor.start_link([name: :expert_task_queue])
Restart: :permanent
Shutdown: :infinity
Type: :supervisor
15:58:39.732 [info] Child XPGenLSP.Buffer of Supervisor XPExpert.Supervisor started
Pid: #PID<0.164.0>
Start Call: XPGenLSP.Buffer.start_link([name: XPExpert.Buffer])
Restart: :permanent
Shutdown: 5000
Type: :worker
15:58:39.732 [debug] [name: XPExpert, buffer: XPExpert.Buffer, task_supervisor: :expert_task_queue, dynamic_supervisor: XPExpert.DynamicSupervisor, assigns: XPExpert.Assigns]
15:58:39.735 [info] Child XPExpert of Supervisor XPExpert.Supervisor started
Pid: #PID<0.165.0>
Start Call: XPExpert.start_link([name: XPExpert, buffer: XPExpert.Buffer, task_supervisor: :expert_task_queue, dynamic_supervisor: XPExpert.DynamicSupervisor, assigns: XPExpert.Assigns])
Restart: :permanent
Shutdown: 500
Type: :worker
15:58:39.735 [info] Application xp_expert started at :nonode@nohost
15:58:39.775 [info] Starting project at uri file:///Users/claudio/projects/mysql_migration_error
15:58:39.781 [info] Child {XPExpert.Project.Progress, "mysql_migration_error"} of Supervisor :"mysql_migration_error::supervisor" started
Pid: #PID<0.170.0>
Start Call: XPExpert.Project.Progress.start_link(%XPForge.Project{root_uri: "file:///Users/claudio/projects/mysql_migration_error", mix_exs_uri: "file:///Users/claudio/projects/mysql_migration_error/mix.exs", mix_project?: true, mix_env: nil, mix_target: nil, env_variables: %{}, project_module: nil, entropy: 61746})
Restart: :permanent
Shutdown: 5000
Type: :worker
15:58:39.782 [info] Child {XPExpert.EngineSupervisor, "mysql_migration_error"} of Supervisor :"mysql_migration_error::supervisor" started
Pid: #PID<0.171.0>
Start Call: XPExpert.EngineSupervisor.start_link(%XPForge.Project{root_uri: "file:///Users/claudio/projects/mysql_migration_error", mix_exs_uri: "file:///Users/claudio/projects/mysql_migration_error/mix.exs", mix_project?: true, mix_env: nil, mix_target: nil, env_variables: %{}, project_module: nil, entropy: 61746})
Restart: :permanent
Shutdown: 5000
Type: :worker
15:58:39.784 [debug] sent request server -> client window/workDoneProgress/create
15:58:39.786 [info] Child XPExpert.EPMD of Supervisor :net_sup started
Pid: #PID<0.174.0>
Start Call: XPExpert.EPMD.start_link()
Restart: :permanent
Shutdown: 2000
Type: :worker
15:58:39.787 [info] Child :auth of Supervisor :net_sup started
Pid: #PID<0.175.0>
Start Call: :auth.start_link()
Restart: :permanent
Shutdown: 2000
Type: :worker
15:58:39.790 [info] Child :net_kernel of Supervisor :net_sup started
Pid: #PID<0.176.0>
Start Call: :net_kernel.start_link(%{name: :"manager-mysql_migration_error-61746@127.0.0.1", supervisor: :net_sup_dynamic, name_domain: :longnames, clean_halt: false})
Restart: :permanent
Shutdown: 2000
Type: :worker
15:58:39.790 [debug] Child :net_sup_dynamic of Supervisor :kernel_sup started
Pid: #PID<0.173.0>
Start Call: :erl_distribution.start_link(%{name: :"manager-mysql_migration_error-61746@127.0.0.1", supervisor: :net_sup_dynamic, name_domain: :longnames, clean_halt: false})
Restart: :permanent
Shutdown: 1000
Type: :supervisor
15:58:39.791 [debug] sent notification server -> client $/progress
15:58:39.814 [debug] handled request client -> server initialize in 74ms
15:58:39.814 [debug] sent notification server -> client window/logMessage
15:58:39.815 [debug] sent notification server -> client $/progress
15:58:39.817 [debug] sent request server -> client client/registerCapability
15:58:39.815 [error] Process #PID<0.172.0> terminating
** (MatchError) no match of right hand side value: {:error, :no_elixir}
    (xp_expert 0.1.0-4dfba22) lib/expert/engine_node.ex:169: XPExpert.EngineNode.glob_paths/1
    (xp_expert 0.1.0-4dfba22) lib/expert/engine_node.ex:123: XPExpert.EngineNode.start/1
    (xp_expert 0.1.0-4dfba22) lib/expert/project/node.ex:96: XPExpert.Project.Node.start_node/1
    (xp_expert 0.1.0-4dfba22) lib/expert/project/progress/support.ex:18: XPExpert.Project.Progress.Support.with_progress/3
    (xp_expert 0.1.0-4dfba22) lib/expert/project/node.ex:54: XPExpert.Project.Node.init/1
    (stdlib 6.2.2.1) gen_server.erl:2229: :gen_server.init_it/2
    (stdlib 6.2.2.1) gen_server.erl:2184: :gen_server.init_it/6
    (stdlib 6.2.2.1) proc_lib.erl:329: :proc_lib.init_p_do_apply/3
Initial Call: XPExpert.Project.Node.init/1
Ancestors: [:"mysql_migration_error::supervisor", XPExpert.ProjectSupervisor, XPExpert.Supervisor, #PID<0.157.0>]
Message Queue Length: 0
Messages: []
Links: [#PID<0.169.0>]
Dictionary: []
Trapping Exits: false
Status: :running
Heap Size: 10958
Stack Size: 29
Reductions: 12174
15:58:39.817 [error] Child {XPExpert.Project.Node, "mysql_migration_error"} of Supervisor :"mysql_migration_error::supervisor" failed to start
** (exit) an exception was raised:
    ** (MatchError) no match of right hand side value: {:error, :no_elixir}
        (xp_expert 0.1.0-4dfba22) lib/expert/engine_node.ex:169: XPExpert.EngineNode.glob_paths/1
        (xp_expert 0.1.0-4dfba22) lib/expert/engine_node.ex:123: XPExpert.EngineNode.start/1
        (xp_expert 0.1.0-4dfba22) lib/expert/project/node.ex:96: XPExpert.Project.Node.start_node/1
        (xp_expert 0.1.0-4dfba22) lib/expert/project/progress/support.ex:18: XPExpert.Project.Progress.Support.with_progress/3
        (xp_expert 0.1.0-4dfba22) lib/expert/project/node.ex:54: XPExpert.Project.Node.init/1
        (stdlib 6.2.2.1) gen_server.erl:2229: :gen_server.init_it/2
        (stdlib 6.2.2.1) gen_server.erl:2184: :gen_server.init_it/6
        (stdlib 6.2.2.1) proc_lib.erl:329: :proc_lib.init_p_do_apply/3
Start Call: XPExpert.Project.Node.start_link(%XPForge.Project{root_uri: "file:///Users/claudio/projects/mysql_migration_error", mix_exs_uri: "file:///Users/claudio/projects/mysql_migration_error/mix.exs", mix_project?: true, mix_env: nil, mix_target: nil, env_variables: %{}, project_module: nil, entropy: 61746})
Restart: :permanent
Shutdown: 5000
Type: :worker
15:58:39.817 [info] Engine initialized
15:58:39.821 [info] ################### opened file:///Users/claudio/projects/mysql_migration_error/lib/mysql_migration_error/application.ex
15:58:39.821 [debug] handled notification client -> server textDocument/didOpen in 6ms
15:58:39.824 [debug] handled notification client -> server initialized in 9ms
15:58:43.321 [info] ################### opened file:///Users/claudio/projects/mysql_migration_error/lib/mysql_migration_error/repo.ex
15:58:43.321 [debug] handled notification client -> server textDocument/didOpen in 838µs
15:58:51.903 [info] ################### opened file:///Users/claudio/projects/mysql_migration_error/priv/repo/migrations/20240101000001_create_posts_with_fk_error.exs
15:58:51.903 [debug] handled notification client -> server textDocument/didOpen in 227µs
15:58:59.012 [info] Child of Supervisor :inet_gethost_native_sup started
Pid: #PID<0.187.0>
Start Call: :inet_gethost_native.init([])
15:58:59.012 [debug] Child :inet_gethost_native_sup of Supervisor :kernel_safe_sup started
Pid: #PID<0.186.0>
Start Call: :inet_gethost_native.start_link()
Restart: :temporary
Shutdown: 1000
Type: :worker
15:58:59.019 [error] ** (ErlangError) Erlang error: {:erpc, :noconnection}
    (kernel 10.2.7.1) erpc.erl:1376: :erpc.call/5
    (elixir 1.17.3) lib/enum.ex:987: Enum."-each/2-lists^foreach/1-0-"/2
    (xp_expert 0.1.0-4dfba22) lib/expert/state.ex:196: XPExpert.State.apply/2
    (xp_expert 0.1.0-4dfba22) lib/expert.ex:200: XPExpert.apply_to_state/2
    (xp_expert 0.1.0-4dfba22) lib/expert.ex:139: XPExpert.handle_notification/2
    (xp_gen_lsp 0.11.1) lib/gen_lsp.ex:519: anonymous fn/2 in XPGenLSP.loop/3
    (xp_telemetry 1.3.0) /home/runner/work/expert/expert/apps/expert/deps/telemetry/src/telemetry.erl:324: :xp_telemetry.span/3
    (xp_gen_lsp 0.11.1) lib/gen_lsp.ex:515: anonymous fn/4 in XPGenLSP.loop/3

15:58:59.019 [debug] sent notification server -> client window/logMessage
15:58:59.019 [warning] client -> server notification crashed
15:59:00.098 [error] ** (ErlangError) Erlang error: {:erpc, :noconnection}
    (kernel 10.2.7.1) erpc.erl:1376: :erpc.call/5
    (elixir 1.17.3) lib/enum.ex:987: Enum."-each/2-lists^foreach/1-0-"/2
    (xp_expert 0.1.0-4dfba22) lib/expert/state.ex:196: XPExpert.State.apply/2
    (xp_expert 0.1.0-4dfba22) lib/expert.ex:200: XPExpert.apply_to_state/2
    (xp_expert 0.1.0-4dfba22) lib/expert.ex:139: XPExpert.handle_notification/2
    (xp_gen_lsp 0.11.1) lib/gen_lsp.ex:519: anonymous fn/2 in XPGenLSP.loop/3
    (xp_telemetry 1.3.0) /home/runner/work/expert/expert/apps/expert/deps/telemetry/src/telemetry.erl:324: :xp_telemetry.span/3
    (xp_gen_lsp 0.11.1) lib/gen_lsp.ex:515: anonymous fn/4 in XPGenLSP.loop/3

15:59:00.098 [debug] sent notification server -> client window/logMessage
15:59:00.098 [warning] client -> server notification crashed
15:59:02.653 [error] ** (ErlangError) Erlang error: {:erpc, :noconnection}
    (kernel 10.2.7.1) erpc.erl:1376: :erpc.call/5
    (elixir 1.17.3) lib/enum.ex:987: Enum."-each/2-lists^foreach/1-0-"/2
    (xp_expert 0.1.0-4dfba22) lib/expert/state.ex:196: XPExpert.State.apply/2
    (xp_expert 0.1.0-4dfba22) lib/expert.ex:200: XPExpert.apply_to_state/2
    (xp_expert 0.1.0-4dfba22) lib/expert.ex:139: XPExpert.handle_notification/2
    (xp_gen_lsp 0.11.1) lib/gen_lsp.ex:519: anonymous fn/2 in XPGenLSP.loop/3
    (xp_telemetry 1.3.0) /home/runner/work/expert/expert/apps/expert/deps/telemetry/src/telemetry.erl:324: :xp_telemetry.span/3
    (xp_gen_lsp 0.11.1) lib/gen_lsp.ex:515: anonymous fn/4 in XPGenLSP.loop/3

15:59:02.653 [debug] sent notification server -> client window/logMessage
15:59:02.653 [warning] client -> server notification crashed
16:01:06.522 [error] ################## Could not open file:///Users/claudio/projects/mysql_migration_error/priv/repo/migrations/20240101000001_create_posts_with_fk_error.exs {:error, :already_open}
16:01:06.522 [error] Failed to handle textDocument/didOpen, {{:error, :already_open}, %XPExpert.State{configuration: %XPExpert.Configuration{project: %XPForge.Project{root_uri: "file:///Users/claudio/projects/mysql_migration_error", mix_exs_uri: "file:///Users/claudio/projects/mysql_migration_error/mix.exs", mix_project?: true, mix_env: nil, mix_target: nil, env_variables: %{}, project_module: nil, entropy: 61746}, support: %XPExpert.Configuration.Support{code_action_dynamic_registration: true, hierarchical_symbols: true, snippet: true, deprecated: true, tags: %{value_set: [1]}, signature_help: %XPGenLSP.Structures.SignatureHelpClientCapabilities{context_support: nil, signature_information: %{documentation_format: ["markdown", "plaintext"], parameter_information: %{label_offset_support: true}, active_parameter_support: true}, dynamic_registration: false}, work_done_progress: true}, client_name: "Neovim", additional_watched_extensions: nil, dialyzer_enabled?: false}, initialized?: true, engine_initialized?: true, shutdown_received?: false, in_flight_requests: %{}}}
16:01:06.522 [debug] handled notification client -> server textDocument/didOpen in 805µs
16:01:06.526 [debug] handled notification client -> server textDocument/didClose in 5ms
